../source/usb_source/usb_device_dci.c:682:14:USB_DeviceNotificationTrigger	40	static
../source/usb_source/usb_device_dci.c:738:14:USB_DeviceInit	32	static
../source/usb_source/usb_device_dci.c:873:14:USB_DeviceRun	0	static
../source/usb_source/usb_device_dci.c:889:14:USB_DeviceStop	0	static
../source/usb_source/usb_device_dci.c:903:14:USB_DeviceDeinit	24	static
../source/usb_source/usb_device_dci.c:978:14:USB_DeviceSendRequest	40	static
../source/usb_source/usb_device_dci.c:1010:14:USB_DeviceRecvRequest	40	static
../source/usb_source/usb_device_dci.c:1030:14:USB_DeviceCancel	0	static
../source/usb_source/usb_device_dci.c:1069:14:USB_DeviceInitEndpoint	8	static
../source/usb_source/usb_device_dci.c:1119:14:USB_DeviceDeinitEndpoint	24	static
../source/usb_source/usb_device_dci.c:1173:14:USB_DeviceStallEndpoint	16	static
../source/usb_source/usb_device_dci.c:1198:14:USB_DeviceUnstallEndpoint	16	static
../source/usb_source/usb_device_dci.c:1225:14:USB_DeviceGetStatus	0	static
../source/usb_source/usb_device_dci.c:1294:14:USB_DeviceSetStatus	4	static
../source/usb_source/usb_device_dci.c:1445:6:USB_DeviceGetVersion	0	static
