C:\Users\nth25\NXP\frdmmcxn947_person_detection - Copy\eiq\tensorflow-lite/tensorflow/lite/micro/micro_mutable_op_resolver.h:43:7:virtual tflite::MicroMutableOpResolver<12>::~MicroMutableOpResolver()	0	static
C:\Users\nth25\NXP\frdmmcxn947_person_detection - Copy\eiq\tensorflow-lite/tensorflow/lite/micro/micro_mutable_op_resolver.h:49:27:const TFLMRegistration* tflite::MicroMutableOpResolver<tOpCount>::FindOp(tflite::BuiltinOperator) const [with unsigned int tOpCount = 12]	0	static
C:\Users\nth25\NXP\frdmmcxn947_person_detection - Copy\eiq\tensorflow-lite/tensorflow/lite/micro/micro_mutable_op_resolver.h:72:36:TfLiteStatus (* tflite::MicroMutableOpResolver<tOpCount>::GetOpDataParser(tflite::BuiltinOperator) const)(const tflite::Operator*, tflite::ErrorReporter*, tflite::BuiltinDataAllocator*, void**) [with unsigned int tOpCount = 12]	8	static
C:\Users\nth25\NXP\frdmmcxn947_person_detection - Copy\eiq\tensorflow-lite/tensorflow/lite/micro/micro_mutable_op_resolver.h:61:27:const TFLMRegistration* tflite::MicroMutableOpResolver<tOpCount>::FindOp(const char*) const [with unsigned int tOpCount = 12]	16	static
../source/model_ops_npu.cpp:12:26:tflite::MicroOpResolver& MODEL_GetOpsResolver()	56	static
