C:\Users\nth25\NXP\frdmmcxn947_person_detection\source\model/persondet_post_processing.h:136:11:DetectorPostProcess::~DetectorPostProcess()	0	static
C:\Users\nth25\NXP\frdmmcxn947_person_detection\source\model/persondet_post_processing.h:136:11:virtual DetectorPostProcess::~DetectorPostProcess()	8	static
../source/model/persondet_post_processing.cpp:54:7:float fast_detection::Calculate1DOverlap(float, float, float, float)	0	static
../source/model/persondet_post_processing.cpp:67:11:float fast_detection::CalculateBoxIntersect(Box&, Box&)	0	static
../source/model/persondet_post_processing.cpp:82:11:float fast_detection::CalculateBoxUnion(Box&, Box&)	0	static
../source/model/persondet_post_processing.cpp:89:11:float fast_detection::CalculateBoxIOU(Box&, Box&)	0	static
../source/model/persondet_post_processing.cpp:104:10:void fast_detection::CalculateNMS(std::forward_list<Detection>&, int, float)	32	static
../source/model/persondet_post_processing.cpp:130:1:DetectorPostProcess::DetectorPostProcess(const TfLiteTensor*, std::vector<fast_detection::DetectionResult>&, const fast_detection::PostProcessParams&)	20	static
../source/model/persondet_post_processing.cpp:224:6:void DetectorPostProcess::InsertTopNDetections(std::forward_list<fast_detection::Detection>&, fast_detection::Detection&)	32	static
../source/model/persondet_post_processing.cpp:240:7:float _sigmoid(float)	8	static
../source/model/persondet_post_processing.cpp:245:7:float _tanh(float)	16	static
../source/model/persondet_post_processing.cpp:253:7:float expSum(const std::vector<float>&)	24	static
../source/model/persondet_post_processing.cpp:261:20:std::vector<float> _softmax(const std::vector<float>&)	40	static
../source/model/persondet_post_processing.cpp:272:5:int _argmax(std::vector<float>)	4	static
C:/nxp/MCUXpressoIDE_25.6.136/ide/plugins/com.nxp.mcuxpresso.tools.win32_25.6.0.202501151204/tools/arm-none-eabi/include/c++/14.2.1/bits/vector.tcc:581:7:) [with _Args = {float}; _Tp = float; _Alloc = std::allocator<float>]	32	static
../source/model/persondet_post_processing.cpp:281:6:void DetectorPostProcess::GetNetworkBoxes(fast_detection::Network&, int, int, float, std::forward_list<fast_detection::Detection>&)	208	static
../source/model/persondet_post_processing.cpp:168:6:virtual bool DetectorPostProcess::DoPostProcess()	112	static
